24.4528 	INFO 	Loaded monitor calibration from ['2025_08_12 09:20']
24.7149 	INFO 	Using renderer 'Apple M1' for graphics
24.7150 	INFO 	OpenGL version supported by driver is 2..
24.7651 	EXP 	Created window1 = Window(allowGUI=True, allowStencil=False, autoLog=True, backendConf=UNKNOWN, backgroundFit=<method-wrapper '__getattribute__' of attributeSetter object at 0x150332890>, backgroundImage=<method-wrapper '__getattribute__' of attributeSetter object at 0x1503328f0>, bitsMode=UNKNOWN, blendMode='avg', bpc=(8, 8, 8), color=array([0, 0, 0]), colorSpace='rgb', depthBits=8, fullscr=False, gamma=None, gammaErrorPolicy='raise', infoMsg=UNKNOWN, lms=UNKNOWN, monitor=<psychopy.monitors.calibTools.Monitor object at 0x1500a9660>, multiSample=False, name='window1', numSamples=2, pos=[np.float64(220.0), np.float64(150.0)], screen=0, size=array([2000, 1200]), stencilBits=0, stereo=False, title='PsychoPy', units='height', useFBO=True, useRetina=True, viewOri=0.0, viewPos=None, viewScale=None, waitBlanking=True, winType='pyglet')
24.7652 	EXP 	window1: backgroundImage = ''
24.7652 	EXP 	window1: backgroundFit = 'none'
25.3091 	EXP 	window1: Attempting to measure frame rate of screen (0) ...
25.3091 	EXP 	window1: recordFrameIntervals = False
25.7382 	EXP 	window1: recordFrameIntervals = True
26.5879 	WARNING 	Couldn't measure a consistent frame rate!
  - Is your graphics card set to sync to vertical blank?
  - Are you running other processes on your computer?

27.7167 	INFO 	keyboard.Keyboard is using ptb backend.
28.0004 	INFO 	keyboard.Keyboard is using ptb backend.
28.0005 	EXP 	adaptive_staircase: status = STARTED
28.0129 	EXP 	Created Fixation = ShapeStim(__class__=<class 'psychopy.visual.shape.ShapeStim'>, anchor=('center', 'center'), autoDraw=False, autoLog=True, closeShape=True, color=method-wrapper(...), colorSpace='rgb', contrast=None, depth=-1.0, draggable=False, fillColor=array([1, 1, 1]), fillColorSpace='rgb', fillRGB=array([1, 1, 1]), interpolate=True, lineColor=array([1., 1., 1.]), lineColorSpace='rgb', lineRGB=array([1, 1, 1]), lineWidth=1.0, name='Fixation', opacity=1, ori=0.0, pos=array([0., 0.]), size=array([0.1, 0.1]), units='height', vertices=ndarray(...), win=Window(...), windingRule=None)
28.0180 	EXP 	Created grating = GratingStim(__class__=<class 'psychopy.visual.grating.GratingStim'>, anchor='center', autoDraw=False, autoLog=True, blendmode='avg', color=array([0.5, 0.5, 0.5]), colorSpace='rgb', contrast=0.5, depth=-2.0, draggable=False, interpolate=True, mask='gauss', maskParams=None, name='grating', opacity=1, ori=1.0, phase=array([0., 0.]), pos=array([0., 0.]), rgbPedestal=array([0., 0., 0.]), sf=array([8., 8.]), size=array([0.3, 0.3]), tex='sin', texRes=128.0, units='height', win=Window(...))
0.0070 	WARNING 	Increasing number of minimum required reversals to the number of step sizes, (4).
0.0131 	EXP 	grating: ori = np.float64(-10.0)
0.0131 	EXP 	Fixation: autoDraw = True
0.5055 	INFO 	Keyboard events cleared
0.5054 	EXP 	grating: autoDraw = True
0.5054 	EXP 	grating: tex = 'sin'
0.5200 	EXP 	Fixation: autoDraw = False
0.8033 	EXP 	grating: autoDraw = False
2.1705 	EXP 	Device response: <KeyPress from None: t=1.9371187910001026, value=left, duration=None>
2.1707 	EXP 	Device response: <KeyPress from None: t=1.9371187910001026, value=left, duration=0.114224834000197>
2.2027 	DATA 	Keypress: left
2.2063 	WARNING 	t of last frame was 265.28ms (=1/3)
2.2063 	EXP 	Fixation: autoDraw = False
2.2063 	EXP 	grating: autoDraw = False
2.2063 	EXP 	grating: ori = np.float64(-8.0)
2.2063 	EXP 	Fixation: autoDraw = True
2.6584 	INFO 	Keyboard events cleared
2.6582 	EXP 	grating: autoDraw = True
2.7033 	EXP 	Fixation: autoDraw = False
2.9573 	EXP 	grating: autoDraw = False
3.5084 	EXP 	Device response: <KeyPress from None: t=3.507090082999639, value=left, duration=None>
3.5304 	DATA 	Keypress: left
3.5333 	WARNING 	t of last frame was 26.07ms (=1/38)
3.5333 	EXP 	Fixation: autoDraw = False
3.5333 	EXP 	grating: autoDraw = False
3.5333 	EXP 	grating: ori = np.float64(-6.0)
3.5333 	EXP 	Fixation: autoDraw = True
3.7045 	EXP 	Device response: <KeyPress from None: t=3.507090082999639, value=left, duration=0.18411750000086613>
4.0037 	INFO 	Keyboard events cleared
4.0035 	EXP 	grating: autoDraw = True
4.0239 	EXP 	Fixation: autoDraw = False
4.2908 	EXP 	grating: autoDraw = False
4.5715 	EXP 	Device response: <KeyPress from None: t=4.567137124999135, value=left, duration=None>
4.5756 	EXP 	Fixation: autoDraw = False
4.5756 	EXP 	grating: autoDraw = False
4.5756 	EXP 	grating: ori = np.float64(4.0)
4.5756 	EXP 	Fixation: autoDraw = True
4.5786 	DATA 	Keypress: left
4.7049 	EXP 	Device response: <KeyPress from None: t=4.567137124999135, value=left, duration=0.12420562500119559>
5.0702 	INFO 	Keyboard events cleared
5.0701 	EXP 	grating: autoDraw = True
5.0737 	EXP 	Fixation: autoDraw = False
5.3573 	EXP 	grating: autoDraw = False
5.6214 	EXP 	Device response: <KeyPress from None: t=5.613957333000144, value=right, duration=None>
5.6257 	DATA 	Keypress: right
5.6286 	EXP 	Fixation: autoDraw = False
5.6286 	EXP 	grating: autoDraw = False
5.6286 	EXP 	grating: ori = np.float64(-2.0)
5.6286 	EXP 	Fixation: autoDraw = True
5.7380 	EXP 	Device response: <KeyPress from None: t=5.613957333000144, value=right, duration=0.11239683299936587>
6.1202 	INFO 	Keyboard events cleared
6.1200 	EXP 	grating: autoDraw = True
6.1240 	EXP 	Fixation: autoDraw = False
6.4070 	EXP 	grating: autoDraw = False
6.6642 	WARNING 	t of last frame was 40.20ms (=1/24)
6.9215 	EXP 	Device response: <KeyPress from None: t=6.910853541001416, value=right, duration=None>
6.9256 	DATA 	Keypress: right
6.9285 	EXP 	Fixation: autoDraw = False
6.9285 	EXP 	grating: autoDraw = False
6.9285 	EXP 	grating: ori = np.float64(3.0)
6.9285 	EXP 	Fixation: autoDraw = True
7.0213 	EXP 	Device response: <KeyPress from None: t=6.910853541001416, value=right, duration=0.10869083399666124>
7.4204 	INFO 	Keyboard events cleared
7.4202 	EXP 	grating: autoDraw = True
7.4246 	EXP 	Fixation: autoDraw = False
7.7074 	EXP 	grating: autoDraw = False
7.9583 	EXP 	Device response: <KeyPress from None: t=7.954078833001404, value=right, duration=None>
7.9616 	DATA 	Keypress: right
7.9700 	EXP 	Fixation: autoDraw = False
7.9700 	EXP 	grating: autoDraw = False
7.9700 	EXP 	grating: ori = np.float64(3.0)
7.9700 	EXP 	Fixation: autoDraw = True
8.0879 	EXP 	Device response: <KeyPress from None: t=7.954078833001404, value=right, duration=0.13243704199703643>
8.4582 	INFO 	Keyboard events cleared
8.4581 	EXP 	Fixation: autoDraw = False
8.4581 	EXP 	grating: autoDraw = True
8.7534 	EXP 	grating: autoDraw = False
9.1388 	EXP 	Device response: <KeyPress from None: t=9.127056916000583, value=right, duration=None>
9.1433 	DATA 	Keypress: right
9.1462 	EXP 	Fixation: autoDraw = False
9.1462 	EXP 	grating: autoDraw = False
9.1462 	EXP 	grating: ori = np.float64(-3.0)
9.1462 	EXP 	Fixation: autoDraw = True
9.2382 	EXP 	Device response: <KeyPress from None: t=9.127056916000583, value=right, duration=0.10432762499840464>
9.6369 	INFO 	Keyboard events cleared
9.6368 	EXP 	grating: autoDraw = True
9.6400 	EXP 	Fixation: autoDraw = False
9.9243 	EXP 	grating: autoDraw = False
10.4048 	EXP 	Device response: <KeyPress from None: t=10.40232320799987, value=left, duration=None>
10.4094 	EXP 	Fixation: autoDraw = False
10.4094 	EXP 	grating: autoDraw = False
10.4094 	EXP 	grating: ori = np.float64(-2.0)
10.4094 	EXP 	Fixation: autoDraw = True
10.4130 	DATA 	Keypress: left
10.5251 	EXP 	Device response: <KeyPress from None: t=10.40232320799987, value=left, duration=0.12001312500069616>
10.9037 	INFO 	Keyboard events cleared
10.9035 	EXP 	grating: autoDraw = True
10.9074 	EXP 	Fixation: autoDraw = False
11.1906 	EXP 	grating: autoDraw = False
11.7714 	EXP 	Device response: <KeyPress from None: t=11.758043082998483, value=left, duration=None>
11.7756 	DATA 	Keypress: left
11.7785 	EXP 	Fixation: autoDraw = False
11.7785 	EXP 	grating: autoDraw = False
11.7785 	EXP 	grating: ori = np.float64(-2.0)
11.7785 	EXP 	Fixation: autoDraw = True
11.8882 	EXP 	Device response: <KeyPress from None: t=11.758043082998483, value=left, duration=0.11631200000192621>
12.2704 	INFO 	Keyboard events cleared
12.2702 	EXP 	grating: autoDraw = True
12.2741 	EXP 	Fixation: autoDraw = False
12.5581 	EXP 	grating: autoDraw = False
13.0250 	EXP 	Device response: <KeyPress from None: t=13.023013040998194, value=left, duration=None>
13.0284 	DATA 	Keypress: left
13.0368 	EXP 	Fixation: autoDraw = False
13.0368 	EXP 	grating: autoDraw = False
13.0368 	EXP 	grating: ori = np.float64(2.0)
13.0368 	EXP 	Fixation: autoDraw = True
13.1550 	EXP 	Device response: <KeyPress from None: t=13.023013040998194, value=left, duration=0.12446583400014788>
13.5246 	INFO 	Keyboard events cleared
13.5244 	EXP 	Fixation: autoDraw = False
13.5244 	EXP 	grating: autoDraw = True
13.8203 	EXP 	grating: autoDraw = False
14.3215 	EXP 	Device response: <KeyPress from None: t=14.312117916000716, value=right, duration=None>
14.3260 	DATA 	Keypress: right
14.3290 	EXP 	Fixation: autoDraw = False
14.3290 	EXP 	grating: autoDraw = False
14.3290 	EXP 	grating: ori = np.float64(-1.0)
14.3290 	EXP 	Fixation: autoDraw = True
14.4215 	EXP 	Device response: <KeyPress from None: t=14.312117916000716, value=right, duration=0.10033420900072088>
14.8202 	INFO 	Keyboard events cleared
14.8201 	EXP 	grating: autoDraw = True
14.8237 	EXP 	Fixation: autoDraw = False
15.1073 	EXP 	grating: autoDraw = False
15.6924 	EXP 	Device response: <KeyPress from None: t=15.68894758299939, value=left, duration=None>
15.6963 	DATA 	Keypress: left
15.7035 	EXP 	Fixation: autoDraw = False
15.7035 	EXP 	grating: autoDraw = False
15.7035 	EXP 	grating: ori = np.float64(-1.0)
15.7035 	EXP 	Fixation: autoDraw = True
15.8047 	EXP 	Device response: <KeyPress from None: t=15.68894758299939, value=left, duration=0.11271941700033494>
16.1912 	INFO 	Keyboard events cleared
16.1910 	EXP 	Fixation: autoDraw = False
16.1910 	EXP 	grating: autoDraw = True
16.4868 	EXP 	grating: autoDraw = False
16.9751 	EXP 	Device response: <KeyPress from None: t=16.971000290999655, value=right, duration=None>
16.9785 	DATA 	Keypress: right
16.9868 	EXP 	Fixation: autoDraw = False
16.9868 	EXP 	grating: autoDraw = False
16.9868 	EXP 	grating: ori = np.float64(1.5)
16.9868 	EXP 	Fixation: autoDraw = True
17.0881 	EXP 	Device response: <KeyPress from None: t=16.971000290999655, value=right, duration=0.10425637500156881>
17.4749 	INFO 	Keyboard events cleared
17.4748 	EXP 	Fixation: autoDraw = False
17.4748 	EXP 	grating: autoDraw = True
17.7703 	EXP 	grating: autoDraw = False
18.2548 	EXP 	Device response: <KeyPress from None: t=18.240997416000027, value=right, duration=None>
18.2588 	DATA 	Keypress: right
18.2617 	EXP 	Fixation: autoDraw = False
18.2617 	EXP 	grating: autoDraw = False
18.2617 	EXP 	grating: ori = np.float64(-1.5)
18.2617 	EXP 	Fixation: autoDraw = True
18.3382 	EXP 	Device response: <KeyPress from None: t=18.240997416000027, value=right, duration=0.09258100000079139>
18.7537 	INFO 	Keyboard events cleared
18.7535 	EXP 	grating: autoDraw = True
18.7577 	EXP 	Fixation: autoDraw = False
19.0409 	EXP 	grating: autoDraw = False
19.5585 	EXP 	Device response: <KeyPress from None: t=19.55703849999918, value=left, duration=None>
19.5618 	DATA 	Keypress: left
19.5703 	EXP 	Fixation: autoDraw = False
19.5703 	EXP 	grating: autoDraw = False
19.5703 	EXP 	grating: ori = np.float64(-1.5)
19.5703 	EXP 	Fixation: autoDraw = True
19.6919 	EXP 	Device response: <KeyPress from None: t=19.55703849999918, value=left, duration=0.13228645799972583>
20.0537 	INFO 	Keyboard events cleared
20.0536 	EXP 	grating: autoDraw = True
20.0578 	EXP 	Fixation: autoDraw = False
20.3411 	EXP 	grating: autoDraw = False
20.7422 	EXP 	Device response: <KeyPress from None: t=20.738996749998478, value=left, duration=None>
20.7461 	DATA 	Keypress: left
20.7536 	EXP 	Fixation: autoDraw = False
20.7536 	EXP 	grating: autoDraw = False
20.7536 	EXP 	grating: ori = np.float64(1.0)
20.7536 	EXP 	Fixation: autoDraw = True
20.8717 	EXP 	Device response: <KeyPress from None: t=20.738996749998478, value=left, duration=0.12441787500210921>
21.2413 	INFO 	Keyboard events cleared
21.2411 	EXP 	Fixation: autoDraw = False
21.2411 	EXP 	grating: autoDraw = True
21.5373 	EXP 	grating: autoDraw = False
21.9046 	EXP 	Device response: <KeyPress from None: t=21.897240582999075, value=right, duration=None>
21.9085 	DATA 	Keypress: right
21.9115 	EXP 	Fixation: autoDraw = False
21.9115 	EXP 	grating: autoDraw = False
21.9115 	EXP 	grating: ori = np.float64(-1.0)
21.9115 	EXP 	Fixation: autoDraw = True
22.0050 	EXP 	Device response: <KeyPress from None: t=21.897240582999075, value=right, duration=0.09608791700156871>
22.4039 	INFO 	Keyboard events cleared
22.4038 	EXP 	grating: autoDraw = True
22.4074 	EXP 	Fixation: autoDraw = False
22.6912 	EXP 	grating: autoDraw = False
23.6720 	EXP 	Device response: <KeyPress from None: t=23.66904762500053, value=left, duration=None>
23.6766 	DATA 	Keypress: left
23.6795 	EXP 	Fixation: autoDraw = False
23.6795 	EXP 	grating: autoDraw = False
23.6795 	EXP 	grating: ori = np.float64(-1.0)
23.6795 	EXP 	Fixation: autoDraw = True
23.7944 	EXP 	Device response: <KeyPress from None: t=23.66904762500053, value=left, duration=0.1176184159994591>
24.1707 	INFO 	Keyboard events cleared
24.1705 	EXP 	grating: autoDraw = True
24.1742 	EXP 	Fixation: autoDraw = False
24.4573 	EXP 	grating: autoDraw = False
25.0884 	EXP 	Device response: <KeyPress from None: t=25.081175374998566, value=left, duration=None>
25.0925 	DATA 	Keypress: left
25.0954 	EXP 	Fixation: autoDraw = False
25.0954 	EXP 	grating: autoDraw = False
25.0954 	EXP 	grating: ori = np.float64(1.0)
25.0954 	EXP 	Fixation: autoDraw = True
25.2381 	EXP 	Device response: <KeyPress from None: t=25.081175374998566, value=left, duration=0.14409024999986286>
25.5875 	INFO 	Keyboard events cleared
25.5873 	EXP 	grating: autoDraw = True
25.5913 	EXP 	Fixation: autoDraw = False
25.8742 	EXP 	grating: autoDraw = False
26.3052 	EXP 	Device response: <KeyPress from None: t=26.30005700000038, value=right, duration=None>
26.3090 	DATA 	Keypress: right
26.3118 	EXP 	Fixation: autoDraw = False
26.3118 	EXP 	grating: autoDraw = False
26.3118 	EXP 	grating: ori = np.float64(-1.0)
26.3118 	EXP 	Fixation: autoDraw = True
26.4219 	EXP 	Device response: <KeyPress from None: t=26.30005700000038, value=right, duration=0.10827525000058813>
26.8043 	INFO 	Keyboard events cleared
26.8041 	EXP 	grating: autoDraw = True
26.8086 	EXP 	Fixation: autoDraw = False
27.0909 	EXP 	grating: autoDraw = False
27.6218 	EXP 	Device response: <KeyPress from None: t=27.617384665998543, value=left, duration=None>
27.6259 	DATA 	Keypress: left
27.6288 	EXP 	Fixation: autoDraw = False
27.6288 	EXP 	grating: autoDraw = False
27.6288 	EXP 	grating: ori = np.float64(-1.0)
27.6288 	EXP 	Fixation: autoDraw = True
27.7387 	EXP 	Device response: <KeyPress from None: t=27.617384665998543, value=left, duration=0.11625308400107315>
28.1206 	INFO 	Keyboard events cleared
28.1205 	EXP 	grating: autoDraw = True
28.1237 	EXP 	Fixation: autoDraw = False
28.4079 	EXP 	grating: autoDraw = False
29.5885 	EXP 	Device response: <KeyPress from None: t=29.575006457998825, value=right, duration=None>
29.5923 	DATA 	Keypress: right
29.5953 	EXP 	Fixation: autoDraw = False
29.5953 	EXP 	grating: autoDraw = False
29.5953 	EXP 	grating: ori = np.float64(1.5)
29.5953 	EXP 	Fixation: autoDraw = True
29.7090 	EXP 	Device response: <KeyPress from None: t=29.575006457998825, value=right, duration=0.12996129200109863>
30.0874 	INFO 	Keyboard events cleared
30.0872 	EXP 	grating: autoDraw = True
30.0911 	EXP 	Fixation: autoDraw = False
30.3745 	EXP 	grating: autoDraw = False
30.8554 	EXP 	Device response: <KeyPress from None: t=30.851323415998195, value=right, duration=None>
30.8598 	EXP 	Fixation: autoDraw = False
30.8598 	EXP 	grating: autoDraw = False
30.8598 	EXP 	grating: ori = np.float64(1.5)
30.8598 	EXP 	Fixation: autoDraw = True
30.8628 	DATA 	Keypress: right
30.9755 	EXP 	Device response: <KeyPress from None: t=30.851323415998195, value=right, duration=0.11996729200109257>
31.3538 	INFO 	Keyboard events cleared
31.3538 	EXP 	grating: autoDraw = True
31.3565 	EXP 	Fixation: autoDraw = False
31.6411 	EXP 	grating: autoDraw = False
32.0888 	EXP 	Device response: <KeyPress from None: t=32.08108158300092, value=right, duration=None>
32.0934 	DATA 	Keypress: right
32.0963 	EXP 	Fixation: autoDraw = False
32.0963 	EXP 	grating: autoDraw = False
32.0963 	EXP 	grating: ori = np.float64(1.5)
32.0963 	EXP 	Fixation: autoDraw = True
32.2220 	EXP 	Device response: <KeyPress from None: t=32.08108158300092, value=right, duration=0.1323359169982723>
32.5874 	INFO 	Keyboard events cleared
32.5873 	EXP 	grating: autoDraw = True
32.5913 	EXP 	Fixation: autoDraw = False
32.8751 	EXP 	grating: autoDraw = False
33.2918 	EXP 	Device response: <KeyPress from None: t=33.287924125001155, value=right, duration=None>
33.2951 	DATA 	Keypress: right
33.3038 	EXP 	Fixation: autoDraw = False
33.3038 	EXP 	grating: autoDraw = False
33.3038 	EXP 	grating: ori = np.float64(-1.0)
33.3038 	EXP 	Fixation: autoDraw = True
33.4054 	EXP 	Device response: <KeyPress from None: t=33.287924125001155, value=right, duration=0.1126243329999852>
33.7923 	INFO 	Keyboard events cleared
33.7922 	EXP 	Fixation: autoDraw = False
33.7922 	EXP 	grating: autoDraw = True
34.0910 	EXP 	grating: autoDraw = False
34.5888 	EXP 	Device response: <KeyPress from None: t=34.57906329099933, value=left, duration=None>
34.5926 	DATA 	Keypress: left
34.5956 	EXP 	Fixation: autoDraw = False
34.5956 	EXP 	grating: autoDraw = False
34.5956 	EXP 	grating: ori = np.float64(1.0)
34.5956 	EXP 	Fixation: autoDraw = True
34.7053 	EXP 	Device response: <KeyPress from None: t=34.57906329099933, value=left, duration=0.12053012500109617>
35.0874 	INFO 	Keyboard events cleared
35.0873 	EXP 	grating: autoDraw = True
35.0913 	EXP 	Fixation: autoDraw = False
35.3744 	EXP 	grating: autoDraw = False
35.7220 	EXP 	Device response: <KeyPress from None: t=35.709957791001216, value=right, duration=None>
35.7263 	DATA 	Keypress: right
35.7293 	EXP 	Fixation: autoDraw = False
35.7293 	EXP 	grating: autoDraw = False
35.7293 	EXP 	grating: ori = np.float64(-1.0)
35.7293 	EXP 	Fixation: autoDraw = True
35.8264 	EXP 	Device response: <KeyPress from None: t=35.709957791001216, value=right, duration=0.11237179199815728>
36.2207 	INFO 	Keyboard events cleared
36.2206 	EXP 	grating: autoDraw = True
36.2244 	EXP 	Fixation: autoDraw = False
36.5076 	EXP 	grating: autoDraw = False
37.0553 	EXP 	Device response: <KeyPress from None: t=37.04833483299808, value=left, duration=None>
37.0590 	DATA 	Keypress: left
37.0618 	EXP 	Fixation: autoDraw = False
37.0618 	EXP 	grating: autoDraw = False
37.0618 	EXP 	grating: ori = np.float64(-1.0)
37.0618 	EXP 	Fixation: autoDraw = True
37.2056 	EXP 	Device response: <KeyPress from None: t=37.04833483299808, value=left, duration=0.14389512500201818>
37.5542 	INFO 	Keyboard events cleared
37.5540 	EXP 	grating: autoDraw = True
37.5578 	EXP 	Fixation: autoDraw = False
37.8408 	EXP 	grating: autoDraw = False
38.4555 	EXP 	Device response: <KeyPress from None: t=38.44830558299873, value=left, duration=None>
38.4598 	DATA 	Keypress: left
38.4628 	EXP 	Fixation: autoDraw = False
38.4628 	EXP 	grating: autoDraw = False
38.4628 	EXP 	grating: ori = np.float64(-1.0)
38.4628 	EXP 	Fixation: autoDraw = True
38.5884 	EXP 	Device response: <KeyPress from None: t=38.44830558299873, value=left, duration=0.13637841700256104>
38.9542 	INFO 	Keyboard events cleared
38.9540 	EXP 	grating: autoDraw = True
38.9578 	EXP 	Fixation: autoDraw = False
39.2408 	EXP 	grating: autoDraw = False
39.7388 	EXP 	Device response: <KeyPress from None: t=39.73210170799939, value=left, duration=None>
39.7426 	DATA 	Keypress: left
39.7455 	EXP 	Fixation: autoDraw = False
39.7455 	EXP 	grating: autoDraw = False
39.7455 	EXP 	grating: ori = np.float64(1.0)
39.7455 	EXP 	Fixation: autoDraw = True
39.8720 	EXP 	Device response: <KeyPress from None: t=39.73210170799939, value=left, duration=0.12824141700184555>
40.2374 	INFO 	Keyboard events cleared
40.2372 	EXP 	grating: autoDraw = True
40.2415 	EXP 	Fixation: autoDraw = False
40.5244 	EXP 	grating: autoDraw = False
40.9246 	EXP 	Device response: <KeyPress from None: t=40.915315040998394, value=right, duration=None>
40.9290 	DATA 	Keypress: right
40.9316 	EXP 	Fixation: autoDraw = False
40.9316 	EXP 	grating: autoDraw = False
40.9316 	EXP 	grating: ori = np.float64(1.0)
40.9316 	EXP 	Fixation: autoDraw = True
41.0387 	EXP 	Device response: <KeyPress from None: t=40.915315040998394, value=right, duration=0.11603845900026499>
41.4210 	INFO 	Keyboard events cleared
41.4208 	EXP 	grating: autoDraw = True
41.4251 	EXP 	Fixation: autoDraw = False
41.7080 	EXP 	grating: autoDraw = False
42.0590 	EXP 	Device response: <KeyPress from None: t=42.058034375000716, value=right, duration=None>
42.0621 	DATA 	Keypress: right
42.0706 	EXP 	Fixation: autoDraw = False
42.0706 	EXP 	grating: autoDraw = False
42.0706 	EXP 	grating: ori = np.float64(-1.0)
42.0706 	EXP 	Fixation: autoDraw = True
42.1719 	EXP 	Device response: <KeyPress from None: t=42.058034375000716, value=right, duration=0.11232033299893374>
42.5586 	INFO 	Keyboard events cleared
42.5585 	EXP 	Fixation: autoDraw = False
42.5585 	EXP 	grating: autoDraw = True
42.8541 	EXP 	grating: autoDraw = False
43.2386 	EXP 	Device response: <KeyPress from None: t=43.22904812499837, value=left, duration=None>
43.2425 	DATA 	Keypress: left
43.2455 	EXP 	Fixation: autoDraw = False
43.2455 	EXP 	grating: autoDraw = False
43.2455 	EXP 	grating: ori = np.float64(-1.0)
43.2455 	EXP 	Fixation: autoDraw = True
43.3554 	EXP 	Device response: <KeyPress from None: t=43.22904812499837, value=left, duration=0.12050304100193898>
43.7377 	INFO 	Keyboard events cleared
43.7375 	EXP 	grating: autoDraw = True
43.7414 	EXP 	Fixation: autoDraw = False
44.0249 	EXP 	grating: autoDraw = False
44.5722 	EXP 	Device response: <KeyPress from None: t=44.56201166599931, value=left, duration=None>
44.5767 	DATA 	Keypress: left
44.5797 	EXP 	Fixation: autoDraw = False
44.5797 	EXP 	grating: autoDraw = False
44.5797 	EXP 	grating: ori = np.float64(-1.0)
44.5797 	EXP 	Fixation: autoDraw = True
44.7053 	EXP 	Device response: <KeyPress from None: t=44.56201166599931, value=left, duration=0.14057891700213077>
45.0709 	INFO 	Keyboard events cleared
45.0708 	EXP 	grating: autoDraw = True
45.0747 	EXP 	Fixation: autoDraw = False
45.3579 	EXP 	grating: autoDraw = False
45.9423 	EXP 	Device response: <KeyPress from None: t=45.9409304159999, value=left, duration=None>
45.9455 	DATA 	Keypress: left
45.9541 	EXP 	Fixation: autoDraw = False
45.9541 	EXP 	grating: autoDraw = False
45.9541 	EXP 	grating: ori = np.float64(1.0)
45.9541 	EXP 	Fixation: autoDraw = True
46.0720 	EXP 	Device response: <KeyPress from None: t=45.9409304159999, value=left, duration=0.12462249999953201>
46.4377 	INFO 	Keyboard events cleared
46.4375 	EXP 	grating: autoDraw = True
46.4417 	EXP 	Fixation: autoDraw = False
46.7248 	EXP 	grating: autoDraw = False
47.0095 	EXP 	Device response: <KeyPress from None: t=47.004987500000425, value=right, duration=None>
47.0132 	DATA 	Keypress: right
47.0208 	EXP 	Fixation: autoDraw = False
47.0208 	EXP 	grating: autoDraw = False
47.0208 	EXP 	grating: ori = np.float64(1.0)
47.0208 	EXP 	Fixation: autoDraw = True
47.1222 	EXP 	Device response: <KeyPress from None: t=47.004987500000425, value=right, duration=0.11263095799949951>
47.5083 	INFO 	Keyboard events cleared
47.5082 	EXP 	Fixation: autoDraw = False
47.5082 	EXP 	grating: autoDraw = True
47.8043 	EXP 	grating: autoDraw = False
48.2228 	EXP 	Device response: <KeyPress from None: t=48.21631058300045, value=right, duration=None>
48.2273 	DATA 	Keypress: right
48.2302 	EXP 	Fixation: autoDraw = False
48.2302 	EXP 	grating: autoDraw = False
48.2302 	EXP 	grating: ori = np.float64(-1.0)
48.2302 	EXP 	Fixation: autoDraw = True
48.3220 	EXP 	Device response: <KeyPress from None: t=48.21631058300045, value=right, duration=0.10413758299910114>
48.7209 	INFO 	Keyboard events cleared
48.7208 	EXP 	grating: autoDraw = True
48.7245 	EXP 	Fixation: autoDraw = False
49.0082 	EXP 	grating: autoDraw = False
49.3087 	EXP 	Device response: <KeyPress from None: t=49.30688108300092, value=left, duration=None>
49.3115 	DATA 	Keypress: left
49.3208 	EXP 	Fixation: autoDraw = False
49.3208 	EXP 	grating: autoDraw = False
49.3208 	EXP 	grating: ori = np.float64(1.0)
49.3208 	EXP 	Fixation: autoDraw = True
49.4756 	EXP 	Device response: <KeyPress from None: t=49.30688108300092, value=left, duration=0.16446754199932911>
49.8044 	INFO 	Keyboard events cleared
49.8043 	EXP 	grating: autoDraw = True
49.8080 	EXP 	Fixation: autoDraw = False
50.0916 	EXP 	grating: autoDraw = False
50.4757 	EXP 	Device response: <KeyPress from None: t=50.47295604100145, value=right, duration=None>
50.4789 	DATA 	Keypress: right
50.4876 	EXP 	Fixation: autoDraw = False
50.4876 	EXP 	grating: autoDraw = False
50.4876 	EXP 	grating: ori = np.float64(-1.0)
50.4876 	EXP 	Fixation: autoDraw = True
50.5927 	EXP 	Device response: <KeyPress from None: t=50.47295604100145, value=right, duration=0.11631808399761212>
50.9710 	INFO 	Keyboard events cleared
50.9708 	EXP 	grating: autoDraw = True
50.9750 	EXP 	Fixation: autoDraw = False
51.2582 	EXP 	grating: autoDraw = False
51.8555 	EXP 	Device response: <KeyPress from None: t=51.85321399999884, value=left, duration=None>
51.8598 	EXP 	Fixation: autoDraw = False
51.8598 	EXP 	grating: autoDraw = False
51.8598 	EXP 	grating: ori = np.float64(1.0)
51.8598 	EXP 	Fixation: autoDraw = True
51.8633 	DATA 	Keypress: left
51.9890 	EXP 	Device response: <KeyPress from None: t=51.85321399999884, value=left, duration=0.13241629100230057>
52.3545 	INFO 	Keyboard events cleared
52.3543 	EXP 	grating: autoDraw = True
52.3580 	EXP 	Fixation: autoDraw = False
52.6409 	EXP 	grating: autoDraw = False
52.9557 	EXP 	Device response: <KeyPress from None: t=52.94607099999848, value=right, duration=None>
52.9596 	DATA 	Keypress: right
52.9625 	EXP 	Fixation: autoDraw = False
52.9625 	EXP 	grating: autoDraw = False
52.9625 	EXP 	grating: ori = np.float64(-1.0)
52.9625 	EXP 	Fixation: autoDraw = True
53.0722 	EXP 	Device response: <KeyPress from None: t=52.94607099999848, value=right, duration=0.12427512500289595>
53.4544 	INFO 	Keyboard events cleared
53.4543 	EXP 	grating: autoDraw = True
53.4575 	EXP 	Fixation: autoDraw = False
53.7411 	EXP 	grating: autoDraw = False
54.1556 	EXP 	Device response: <KeyPress from None: t=54.14606891600124, value=left, duration=None>
54.1597 	DATA 	Keypress: left
54.1627 	EXP 	Fixation: autoDraw = False
54.1627 	EXP 	grating: autoDraw = False
54.1627 	EXP 	grating: ori = np.float64(1.0)
54.1627 	EXP 	Fixation: autoDraw = True
54.2722 	EXP 	Device response: <KeyPress from None: t=54.14606891600124, value=left, duration=0.12052287499682279>
54.6545 	INFO 	Keyboard events cleared
54.6543 	EXP 	grating: autoDraw = True
54.6581 	EXP 	Fixation: autoDraw = False
54.9416 	EXP 	grating: autoDraw = False
55.1891 	EXP 	Device response: <KeyPress from None: t=55.182951999999204, value=right, duration=None>
55.1930 	DATA 	Keypress: right
55.1960 	EXP 	Fixation: autoDraw = False
55.1960 	EXP 	grating: autoDraw = False
55.1960 	EXP 	grating: ori = np.float64(1.0)
55.1960 	EXP 	Fixation: autoDraw = True
55.3223 	EXP 	Device response: <KeyPress from None: t=55.182951999999204, value=right, duration=0.12828316599916434>
55.6880 	INFO 	Keyboard events cleared
55.6878 	EXP 	grating: autoDraw = True
55.6920 	EXP 	Fixation: autoDraw = False
55.9751 	EXP 	grating: autoDraw = False
56.9727 	EXP 	Device response: <KeyPress from None: t=56.97001558299962, value=right, duration=None>
56.9772 	EXP 	Fixation: autoDraw = False
56.9772 	EXP 	grating: autoDraw = False
56.9772 	EXP 	grating: ori = np.float64(-1.0)
56.9772 	EXP 	Fixation: autoDraw = True
56.9809 	DATA 	Keypress: right
57.0723 	EXP 	Device response: <KeyPress from None: t=56.97001558299962, value=right, duration=0.1004590830016241>
57.4713 	INFO 	Keyboard events cleared
57.4711 	EXP 	grating: autoDraw = True
57.4758 	EXP 	Fixation: autoDraw = False
57.7581 	EXP 	grating: autoDraw = False
58.1258 	EXP 	Device response: <KeyPress from None: t=58.122911499998736, value=left, duration=None>
58.1294 	DATA 	Keypress: left
58.1376 	EXP 	Fixation: autoDraw = False
58.1376 	EXP 	grating: autoDraw = False
58.1376 	EXP 	grating: ori = np.float64(1.0)
58.1376 	EXP 	Fixation: autoDraw = True
58.2556 	EXP 	Device response: <KeyPress from None: t=58.122911499998736, value=left, duration=0.12030170800062479>
58.6254 	INFO 	Keyboard events cleared
58.6253 	EXP 	Fixation: autoDraw = False
58.6253 	EXP 	grating: autoDraw = True
58.9213 	EXP 	grating: autoDraw = False
59.4556 	EXP 	Device response: <KeyPress from None: t=59.45130091600004, value=right, duration=None>
59.4594 	DATA 	Keypress: right
59.4622 	EXP 	Fixation: autoDraw = False
59.4622 	EXP 	grating: autoDraw = False
59.4622 	EXP 	grating: ori = np.float64(-1.0)
59.4622 	EXP 	Fixation: autoDraw = True
59.5722 	EXP 	Device response: <KeyPress from None: t=59.45130091600004, value=right, duration=0.11627662499813596>
59.9547 	INFO 	Keyboard events cleared
59.9545 	EXP 	grating: autoDraw = True
59.9585 	EXP 	Fixation: autoDraw = False
60.2417 	EXP 	grating: autoDraw = False
60.9393 	EXP 	Device response: <KeyPress from None: t=60.93426179100061, value=right, duration=None>
60.9436 	DATA 	Keypress: right
60.9466 	EXP 	Fixation: autoDraw = False
60.9466 	EXP 	grating: autoDraw = False
60.9466 	EXP 	grating: ori = np.float64(-1.5)
60.9466 	EXP 	Fixation: autoDraw = True
61.0723 	EXP 	Device response: <KeyPress from None: t=60.93426179100061, value=right, duration=0.13617120900016744>
61.4380 	INFO 	Keyboard events cleared
61.4378 	EXP 	grating: autoDraw = True
61.4419 	EXP 	Fixation: autoDraw = False
61.7248 	EXP 	grating: autoDraw = False
62.4558 	EXP 	Device response: <KeyPress from None: t=62.441950958000234, value=right, duration=None>
62.4600 	DATA 	Keypress: right
62.4629 	EXP 	Fixation: autoDraw = False
62.4629 	EXP 	grating: autoDraw = False
62.4629 	EXP 	grating: ori = np.float64(-2.0)
62.4629 	EXP 	Fixation: autoDraw = True
62.6225 	EXP 	Device response: <KeyPress from None: t=62.441950958000234, value=right, duration=0.1682797079993179>
62.9545 	INFO 	Keyboard events cleared
62.9543 	EXP 	grating: autoDraw = True
62.9582 	EXP 	Fixation: autoDraw = False
63.2413 	EXP 	grating: autoDraw = False
63.6392 	EXP 	Device response: <KeyPress from None: t=63.62586587500118, value=left, duration=None>
63.6430 	DATA 	Keypress: left
63.6458 	EXP 	Fixation: autoDraw = False
63.6458 	EXP 	grating: autoDraw = False
63.6458 	EXP 	grating: ori = np.float64(-2.0)
63.6458 	EXP 	Fixation: autoDraw = True
63.7726 	EXP 	Device response: <KeyPress from None: t=63.62586587500118, value=left, duration=0.14065999999729684>
64.1382 	INFO 	Keyboard events cleared
64.1381 	EXP 	grating: autoDraw = True
64.1425 	EXP 	Fixation: autoDraw = False
64.4250 	EXP 	grating: autoDraw = False
64.9096 	EXP 	Device response: <KeyPress from None: t=64.90690850000101, value=left, duration=None>
64.9131 	DATA 	Keypress: left
64.9211 	EXP 	Fixation: autoDraw = False
64.9211 	EXP 	grating: autoDraw = False
64.9211 	EXP 	grating: ori = np.float64(2.0)
64.9211 	EXP 	Fixation: autoDraw = True
65.0559 	EXP 	Device response: <KeyPress from None: t=64.90690850000101, value=left, duration=0.1362540829977661>
65.4091 	INFO 	Keyboard events cleared
65.4089 	EXP 	Fixation: autoDraw = False
65.4089 	EXP 	grating: autoDraw = True
65.7045 	EXP 	grating: autoDraw = False
66.4223 	EXP 	Device response: <KeyPress from None: t=66.42013291599869, value=right, duration=None>
66.4269 	EXP 	Fixation: autoDraw = False
66.4269 	EXP 	grating: autoDraw = False
66.4269 	EXP 	grating: ori = np.float64(1.5)
66.4269 	EXP 	Fixation: autoDraw = True
66.4298 	DATA 	Keypress: right
66.5556 	EXP 	Device response: <KeyPress from None: t=66.42013291599869, value=right, duration=0.12816133399974206>
66.9215 	INFO 	Keyboard events cleared
66.9213 	EXP 	grating: autoDraw = True
66.9256 	EXP 	Fixation: autoDraw = False
67.2084 	EXP 	grating: autoDraw = False
67.7060 	EXP 	Device response: <KeyPress from None: t=67.69706075000067, value=right, duration=None>
67.7103 	DATA 	Keypress: right
67.7133 	EXP 	Fixation: autoDraw = False
67.7133 	EXP 	grating: autoDraw = False
67.7133 	EXP 	grating: ori = np.float64(1.5)
67.7133 	EXP 	Fixation: autoDraw = True
67.8390 	EXP 	Device response: <KeyPress from None: t=67.69706075000067, value=right, duration=0.14021816599779413>
68.2049 	INFO 	Keyboard events cleared
68.2047 	EXP 	grating: autoDraw = True
68.2087 	EXP 	Fixation: autoDraw = False
68.4918 	EXP 	grating: autoDraw = False
68.8892 	EXP 	Device response: <KeyPress from None: t=68.88113045800128, value=right, duration=None>
68.8931 	DATA 	Keypress: right
68.8960 	EXP 	Fixation: autoDraw = False
68.8960 	EXP 	grating: autoDraw = False
68.8960 	EXP 	grating: ori = np.float64(1.5)
68.8960 	EXP 	Fixation: autoDraw = True
69.0225 	EXP 	Device response: <KeyPress from None: t=68.88113045800128, value=right, duration=0.13639724999666214>
69.3882 	INFO 	Keyboard events cleared
69.3880 	EXP 	grating: autoDraw = True
69.3919 	EXP 	Fixation: autoDraw = False
69.6750 	EXP 	grating: autoDraw = False
70.0727 	EXP 	Device response: <KeyPress from None: t=70.06814554100129, value=left, duration=None>
70.0765 	DATA 	Keypress: left
70.0793 	EXP 	Fixation: autoDraw = False
70.0793 	EXP 	grating: autoDraw = False
70.0793 	EXP 	grating: ori = np.float64(2.0)
70.0793 	EXP 	Fixation: autoDraw = True
70.2060 	EXP 	Device response: <KeyPress from None: t=70.06814554100129, value=left, duration=0.12415266699827043>
70.5715 	INFO 	Keyboard events cleared
70.5713 	EXP 	grating: autoDraw = True
70.5751 	EXP 	Fixation: autoDraw = False
70.8579 	EXP 	grating: autoDraw = False
71.2558 	EXP 	Device response: <KeyPress from None: t=71.24289062499884, value=left, duration=None>
71.2595 	DATA 	Keypress: left
71.2624 	EXP 	Fixation: autoDraw = False
71.2624 	EXP 	grating: autoDraw = False
71.2624 	EXP 	grating: ori = np.float64(2.5)
71.2624 	EXP 	Fixation: autoDraw = True
71.3597 	EXP 	Device response: <KeyPress from None: t=71.24289062499884, value=left, duration=0.11244250000163447>
71.7550 	INFO 	Keyboard events cleared
71.7548 	EXP 	grating: autoDraw = True
71.7589 	EXP 	Fixation: autoDraw = False
72.0417 	EXP 	grating: autoDraw = False
72.3894 	EXP 	Device response: <KeyPress from None: t=72.37803458299823, value=right, duration=None>
72.3932 	DATA 	Keypress: right
72.3959 	EXP 	Fixation: autoDraw = False
72.3959 	EXP 	grating: autoDraw = False
72.3959 	EXP 	grating: ori = np.float64(-2.5)
72.3959 	EXP 	Fixation: autoDraw = True
72.5228 	EXP 	Device response: <KeyPress from None: t=72.37803458299823, value=right, duration=0.14057308300107252>
72.8881 	INFO 	Keyboard events cleared
72.8880 	EXP 	grating: autoDraw = True
72.8917 	EXP 	Fixation: autoDraw = False
73.1752 	EXP 	grating: autoDraw = False
73.3760 	EXP 	Device response: <KeyPress from None: t=73.37288916599937, value=left, duration=None>
73.3794 	DATA 	Keypress: left
73.3881 	EXP 	Fixation: autoDraw = False
73.3881 	EXP 	grating: autoDraw = False
73.3881 	EXP 	grating: ori = np.float64(2.5)
73.3881 	EXP 	Fixation: autoDraw = True
73.4927 	EXP 	Device response: <KeyPress from None: t=73.37288916599937, value=left, duration=0.11631275000036112>
73.8717 	INFO 	Keyboard events cleared
73.8715 	EXP 	grating: autoDraw = True
73.8756 	EXP 	Fixation: autoDraw = False
74.1588 	EXP 	grating: autoDraw = False
74.5392 	EXP 	Device response: <KeyPress from None: t=74.53532462500152, value=right, duration=None>
74.5439 	EXP 	Fixation: autoDraw = False
74.5439 	EXP 	grating: autoDraw = False
74.5439 	EXP 	grating: ori = np.float64(2.0)
74.5439 	EXP 	Fixation: autoDraw = True
74.5468 	DATA 	Keypress: right
74.6763 	EXP 	Device response: <KeyPress from None: t=74.53532462500152, value=right, duration=0.13990383299824316>
75.0381 	INFO 	Keyboard events cleared
75.0380 	EXP 	grating: autoDraw = True
75.0413 	EXP 	Fixation: autoDraw = False
75.3255 	EXP 	grating: autoDraw = False
76.2221 	EXP 	Device response: <KeyPress from None: t=76.21790570799931, value=right, duration=None>
76.2261 	DATA 	Keypress: right
76.2284 	EXP 	Fixation: autoDraw = False
76.2284 	EXP 	grating: autoDraw = False
76.2284 	EXP 	grating: ori = np.float64(2.0)
76.2284 	EXP 	Fixation: autoDraw = True
76.3256 	EXP 	Device response: <KeyPress from None: t=76.21790570799931, value=right, duration=0.10424224999951548>
76.7217 	INFO 	Keyboard events cleared
76.7215 	EXP 	grating: autoDraw = True
76.7259 	EXP 	Fixation: autoDraw = False
77.0083 	EXP 	grating: autoDraw = False
77.3898 	EXP 	Device response: <KeyPress from None: t=77.377871916, value=right, duration=None>
77.3945 	DATA 	Keypress: right
77.3975 	EXP 	Fixation: autoDraw = False
77.3975 	EXP 	grating: autoDraw = False
77.3975 	EXP 	grating: ori = np.float64(-2.0)
77.3975 	EXP 	Fixation: autoDraw = True
77.5062 	EXP 	Device response: <KeyPress from None: t=77.377871916, value=right, duration=0.12432245899981353>
77.8882 	INFO 	Keyboard events cleared
77.8880 	EXP 	grating: autoDraw = True
77.8921 	EXP 	Fixation: autoDraw = False
78.1754 	EXP 	grating: autoDraw = False
78.5402 	EXP 	Device response: <KeyPress from None: t=78.5359042079981, value=left, duration=None>
78.5440 	DATA 	Keypress: left
78.5466 	EXP 	Fixation: autoDraw = False
78.5466 	EXP 	grating: autoDraw = False
78.5466 	EXP 	grating: ori = np.float64(-1.5)
78.5466 	EXP 	Fixation: autoDraw = True
78.5824 	WARNING 	t of last frame was 23.48ms (=1/42)
78.6557 	EXP 	Device response: <KeyPress from None: t=78.5359042079981, value=left, duration=0.10830350000105682>
79.0382 	INFO 	Keyboard events cleared
79.0381 	EXP 	grating: autoDraw = True
79.0418 	EXP 	Fixation: autoDraw = False
79.3258 	EXP 	grating: autoDraw = False
79.8929 	EXP 	Device response: <KeyPress from None: t=79.89086899999893, value=left, duration=None>
79.8966 	DATA 	Keypress: left
79.9047 	EXP 	Fixation: autoDraw = False
79.9047 	EXP 	grating: autoDraw = False
79.9047 	EXP 	grating: ori = np.float64(1.5)
79.9047 	EXP 	Fixation: autoDraw = True
80.0062 	EXP 	Device response: <KeyPress from None: t=79.89086899999893, value=left, duration=0.10439558299913188>
80.3882 	INFO 	Keyboard events cleared
80.3881 	EXP 	grating: autoDraw = True
80.3919 	EXP 	Fixation: autoDraw = False
80.6755 	EXP 	grating: autoDraw = False
80.8894 	EXP 	Device response: <KeyPress from None: t=80.87992466599826, value=right, duration=None>
80.8937 	DATA 	Keypress: right
80.8967 	EXP 	Fixation: autoDraw = False
80.8967 	EXP 	grating: autoDraw = False
80.8967 	EXP 	grating: ori = np.float64(-1.5)
80.8967 	EXP 	Fixation: autoDraw = True
81.0561 	EXP 	Device response: <KeyPress from None: t=80.87992466599826, value=right, duration=0.16863854199982597>
81.3884 	INFO 	Keyboard events cleared
81.3882 	EXP 	grating: autoDraw = True
81.3920 	EXP 	Fixation: autoDraw = False
81.6750 	EXP 	grating: autoDraw = False
82.1730 	EXP 	Device response: <KeyPress from None: t=82.16823616599868, value=left, duration=None>
82.1773 	DATA 	Keypress: left
82.1803 	EXP 	Fixation: autoDraw = False
82.1803 	EXP 	grating: autoDraw = False
82.1803 	EXP 	grating: ori = np.float64(1.0)
82.1803 	EXP 	Fixation: autoDraw = True
82.2895 	EXP 	Device response: <KeyPress from None: t=82.16823616599868, value=left, duration=0.12013045899948338>
82.6716 	INFO 	Keyboard events cleared
82.6715 	EXP 	grating: autoDraw = True
82.6756 	EXP 	Fixation: autoDraw = False
82.9588 	EXP 	grating: autoDraw = False
83.1229 	EXP 	Device response: <KeyPress from None: t=83.1148653329983, value=right, duration=None>
83.1273 	DATA 	Keypress: right
83.1303 	EXP 	Fixation: autoDraw = False
83.1303 	EXP 	grating: autoDraw = False
83.1303 	EXP 	grating: ori = np.float64(-1.0)
83.1303 	EXP 	Fixation: autoDraw = True
83.2602 	EXP 	Device response: <KeyPress from None: t=83.1148653329983, value=right, duration=0.1404267500001879>
83.6217 	INFO 	Keyboard events cleared
83.6215 	EXP 	grating: autoDraw = True
83.6253 	EXP 	Fixation: autoDraw = False
83.9087 	EXP 	grating: autoDraw = False
84.2230 	EXP 	Device response: <KeyPress from None: t=84.21892070800095, value=left, duration=None>
84.2274 	EXP 	Fixation: autoDraw = False
84.2274 	EXP 	grating: autoDraw = False
84.2274 	EXP 	grating: ori = np.float64(1.0)
84.2274 	EXP 	Fixation: autoDraw = True
84.2308 	DATA 	Keypress: left
84.3895 	EXP 	Device response: <KeyPress from None: t=84.21892070800095, value=left, duration=0.16437820799910696>
84.7218 	INFO 	Keyboard events cleared
84.7216 	EXP 	grating: autoDraw = True
84.7254 	EXP 	Fixation: autoDraw = False
85.0089 	EXP 	grating: autoDraw = False
85.4729 	EXP 	Device response: <KeyPress from None: t=85.46422479100147, value=right, duration=None>
85.4769 	DATA 	Keypress: right
85.4798 	EXP 	Fixation: autoDraw = False
85.4798 	EXP 	grating: autoDraw = False
85.4798 	EXP 	grating: ori = np.float64(-1.0)
85.4798 	EXP 	Fixation: autoDraw = True
85.5899 	EXP 	Device response: <KeyPress from None: t=85.46422479100147, value=right, duration=0.11606708399995114>
85.9718 	INFO 	Keyboard events cleared
85.9717 	EXP 	grating: autoDraw = True
85.9756 	EXP 	Fixation: autoDraw = False
86.2587 	EXP 	grating: autoDraw = False
87.1565 	EXP 	Device response: <KeyPress from None: t=87.14703383300002, value=left, duration=None>
87.1613 	DATA 	Keypress: left
87.1644 	EXP 	Fixation: autoDraw = False
87.1644 	EXP 	grating: autoDraw = False
87.1644 	EXP 	grating: ori = np.float64(-1.0)
87.1644 	EXP 	Fixation: autoDraw = True
87.2766 	EXP 	Device response: <KeyPress from None: t=87.14703383300002, value=left, duration=0.12816783300149837>
87.6552 	INFO 	Keyboard events cleared
87.6550 	EXP 	grating: autoDraw = True
87.6590 	EXP 	Fixation: autoDraw = False
87.9420 	EXP 	grating: autoDraw = False
88.7062 	EXP 	Device response: <KeyPress from None: t=88.70201008300137, value=left, duration=None>
88.7107 	DATA 	Keypress: left
88.7136 	EXP 	Fixation: autoDraw = False
88.7136 	EXP 	grating: autoDraw = False
88.7136 	EXP 	grating: ori = np.float64(1.0)
88.7136 	EXP 	Fixation: autoDraw = True
88.8265 	EXP 	Device response: <KeyPress from None: t=88.70201008300137, value=left, duration=0.12023212499843794>
89.2051 	INFO 	Keyboard events cleared
89.2050 	EXP 	grating: autoDraw = True
89.2086 	EXP 	Fixation: autoDraw = False
89.4919 	EXP 	grating: autoDraw = False
90.6397 	EXP 	Device response: <KeyPress from None: t=90.63627870799974, value=right, duration=None>
90.6442 	EXP 	Fixation: autoDraw = False
90.6442 	EXP 	grating: autoDraw = False
90.6442 	EXP 	grating: ori = np.float64(1.0)
90.6442 	EXP 	Fixation: autoDraw = True
90.6474 	DATA 	Keypress: right
90.7730 	EXP 	Device response: <KeyPress from None: t=90.63627870799974, value=right, duration=0.1323662079994392>
91.1384 	INFO 	Keyboard events cleared
91.1383 	EXP 	grating: autoDraw = True
91.1415 	EXP 	Fixation: autoDraw = False
91.4256 	EXP 	grating: autoDraw = False
92.1433 	EXP 	Device response: <KeyPress from None: t=92.14089437499933, value=right, duration=None>
92.1468 	DATA 	Keypress: right
92.1550 	EXP 	Fixation: autoDraw = False
92.1550 	EXP 	grating: autoDraw = False
92.1550 	EXP 	grating: ori = np.float64(1.0)
92.1550 	EXP 	Fixation: autoDraw = True
92.2597 	EXP 	Device response: <KeyPress from None: t=92.14089437499933, value=right, duration=0.11631599999964237>
92.6386 	INFO 	Keyboard events cleared
92.6384 	EXP 	grating: autoDraw = True
92.6426 	EXP 	Fixation: autoDraw = False
92.9259 	EXP 	grating: autoDraw = False
93.5065 	EXP 	Device response: <KeyPress from None: t=93.4969148329983, value=right, duration=None>
93.5106 	DATA 	Keypress: right
93.5136 	EXP 	Fixation: autoDraw = False
93.5136 	EXP 	grating: autoDraw = False
93.5136 	EXP 	grating: ori = np.float64(1.0)
93.5136 	EXP 	Fixation: autoDraw = True
93.6396 	EXP 	Device response: <KeyPress from None: t=93.4969148329983, value=right, duration=0.14051425000070594>
94.0051 	INFO 	Keyboard events cleared
94.0049 	EXP 	grating: autoDraw = True
94.0092 	EXP 	Fixation: autoDraw = False
94.2924 	EXP 	grating: autoDraw = False
94.9232 	EXP 	Device response: <KeyPress from None: t=94.91618870800085, value=left, duration=None>
94.9275 	DATA 	Keypress: left
94.9304 	EXP 	Fixation: autoDraw = False
94.9304 	EXP 	grating: autoDraw = False
94.9304 	EXP 	grating: ori = np.float64(-1.5)
94.9304 	EXP 	Fixation: autoDraw = True
95.0897 	EXP 	Device response: <KeyPress from None: t=94.91618870800085, value=left, duration=0.17213608299789485>
95.4220 	INFO 	Keyboard events cleared
95.4219 	EXP 	grating: autoDraw = True
95.4257 	EXP 	Fixation: autoDraw = False
95.7090 	EXP 	grating: autoDraw = False
96.2730 	EXP 	Device response: <KeyPress from None: t=96.2719530409995, value=left, duration=None>
96.2798 	DATA 	Keypress: left
96.2884 	EXP 	Fixation: autoDraw = False
96.2884 	EXP 	grating: autoDraw = False
96.2884 	EXP 	grating: ori = np.float64(-1.5)
96.2884 	EXP 	Fixation: autoDraw = True
96.4064 	EXP 	Device response: <KeyPress from None: t=96.2719530409995, value=left, duration=0.13245833399923868>
96.7720 	INFO 	Keyboard events cleared
96.7718 	EXP 	grating: autoDraw = True
96.7759 	EXP 	Fixation: autoDraw = False
97.0590 	EXP 	grating: autoDraw = False
98.0100 	EXP 	Device response: <KeyPress from None: t=98.00892912500058, value=left, duration=None>
98.0136 	DATA 	Keypress: left
98.0218 	EXP 	Fixation: autoDraw = False
98.0218 	EXP 	grating: autoDraw = False
98.0218 	EXP 	grating: ori = np.float64(1.5)
98.0218 	EXP 	Fixation: autoDraw = True
98.1405 	EXP 	Device response: <KeyPress from None: t=98.00892912500058, value=left, duration=0.1282310829992639>
98.5102 	INFO 	Keyboard events cleared
98.5101 	EXP 	Fixation: autoDraw = False
98.5101 	EXP 	grating: autoDraw = True
98.8087 	EXP 	grating: autoDraw = False
99.2066 	EXP 	Device response: <KeyPress from None: t=99.20410158300001, value=right, duration=None>
99.2110 	DATA 	Keypress: right
99.2139 	EXP 	Fixation: autoDraw = False
99.2139 	EXP 	grating: autoDraw = False
99.2139 	EXP 	grating: ori = np.float64(1.0)
99.2139 	EXP 	Fixation: autoDraw = True
99.3399 	EXP 	Device response: <KeyPress from None: t=99.20410158300001, value=right, duration=0.12408616700122366>
99.7054 	INFO 	Keyboard events cleared
99.7052 	EXP 	grating: autoDraw = True
99.7090 	EXP 	Fixation: autoDraw = False
99.9926 	EXP 	grating: autoDraw = False
100.3061 	EXP 	Device response: <KeyPress from None: t=100.30120466600056, value=right, duration=None>
100.3095 	DATA 	Keypress: right
100.3124 	EXP 	Fixation: autoDraw = False
100.3124 	EXP 	grating: autoDraw = False
100.3124 	EXP 	grating: ori = np.float64(1.0)
100.3124 	EXP 	Fixation: autoDraw = True
100.4400 	EXP 	Device response: <KeyPress from None: t=100.30120466600056, value=right, duration=0.12795949999781442>
100.8052 	INFO 	Keyboard events cleared
100.8050 	EXP 	grating: autoDraw = True
100.8093 	EXP 	Fixation: autoDraw = False
101.0925 	EXP 	grating: autoDraw = False
101.5737 	EXP 	Device response: <KeyPress from None: t=101.56395524999971, value=right, duration=None>
101.5775 	DATA 	Keypress: right
101.5804 	EXP 	Fixation: autoDraw = False
101.5804 	EXP 	grating: autoDraw = False
101.5804 	EXP 	grating: ori = np.float64(-1.0)
101.5804 	EXP 	Fixation: autoDraw = True
101.6898 	EXP 	Device response: <KeyPress from None: t=101.56395524999971, value=right, duration=0.11219133299891837>
102.0719 	INFO 	Keyboard events cleared
102.0717 	EXP 	grating: autoDraw = True
102.0756 	EXP 	Fixation: autoDraw = False
102.3590 	EXP 	grating: autoDraw = False
102.9230 	EXP 	Device response: <KeyPress from None: t=102.9172139580005, value=left, duration=None>
102.9272 	DATA 	Keypress: left
102.9301 	EXP 	Fixation: autoDraw = False
102.9301 	EXP 	grating: autoDraw = False
102.9301 	EXP 	grating: ori = np.float64(1.0)
102.9301 	EXP 	Fixation: autoDraw = True
103.0435 	EXP 	Device response: <KeyPress from None: t=102.9172139580005, value=left, duration=0.12395883299905108>
103.4221 	INFO 	Keyboard events cleared
103.4219 	EXP 	grating: autoDraw = True
103.4256 	EXP 	Fixation: autoDraw = False
103.7091 	EXP 	grating: autoDraw = False
104.0065 	EXP 	Device response: <KeyPress from None: t=104.00227537499813, value=right, duration=None>
104.0108 	DATA 	Keypress: right
104.0137 	EXP 	Fixation: autoDraw = False
104.0137 	EXP 	grating: autoDraw = False
104.0137 	EXP 	grating: ori = np.float64(1.0)
104.0137 	EXP 	Fixation: autoDraw = True
104.1565 	EXP 	Device response: <KeyPress from None: t=104.00227537499813, value=right, duration=0.1398983330000192>
104.5055 	INFO 	Keyboard events cleared
104.5053 	EXP 	grating: autoDraw = True
104.5094 	EXP 	Fixation: autoDraw = False
104.7927 	EXP 	grating: autoDraw = False
105.2931 	EXP 	Device response: <KeyPress from None: t=105.28894570799821, value=right, duration=None>
105.2961 	DATA 	Keypress: right
105.3053 	EXP 	Fixation: autoDraw = False
105.3053 	EXP 	grating: autoDraw = False
105.3053 	EXP 	grating: ori = np.float64(-1.0)
105.3053 	EXP 	Fixation: autoDraw = True
105.4065 	EXP 	Device response: <KeyPress from None: t=105.28894570799821, value=right, duration=0.11627375000171014>
105.7888 	INFO 	Keyboard events cleared
105.7887 	EXP 	grating: autoDraw = True
105.7923 	EXP 	Fixation: autoDraw = False
106.0759 	EXP 	grating: autoDraw = False
106.3567 	EXP 	Device response: <KeyPress from None: t=106.35208166599841, value=left, duration=None>
106.3607 	DATA 	Keypress: left
106.3637 	EXP 	Fixation: autoDraw = False
106.3637 	EXP 	grating: autoDraw = False
106.3637 	EXP 	grating: ori = np.float64(1.0)
106.3637 	EXP 	Fixation: autoDraw = True
106.4775 	EXP 	Device response: <KeyPress from None: t=106.35208166599841, value=left, duration=0.12147104200266767>
106.8554 	INFO 	Keyboard events cleared
106.8553 	EXP 	grating: autoDraw = True
106.8588 	EXP 	Fixation: autoDraw = False
107.1430 	EXP 	grating: autoDraw = False
107.4900 	EXP 	Device response: <KeyPress from None: t=107.47689579099824, value=right, duration=None>
107.4940 	DATA 	Keypress: right
107.4969 	EXP 	Fixation: autoDraw = False
107.4969 	EXP 	grating: autoDraw = False
107.4969 	EXP 	grating: ori = np.float64(-1.0)
107.4969 	EXP 	Fixation: autoDraw = True
107.6067 	EXP 	Device response: <KeyPress from None: t=107.47689579099824, value=right, duration=0.12043962500320049>
107.9888 	INFO 	Keyboard events cleared
107.9887 	EXP 	grating: autoDraw = True
107.9925 	EXP 	Fixation: autoDraw = False
108.2756 	EXP 	grating: autoDraw = False
108.7396 	EXP 	Device response: <KeyPress from None: t=108.73799425000107, value=left, duration=None>
108.7440 	EXP 	Fixation: autoDraw = False
108.7440 	EXP 	grating: autoDraw = False
108.7440 	EXP 	grating: ori = np.float64(-1.0)
108.7440 	EXP 	Fixation: autoDraw = True
108.7471 	DATA 	Keypress: left
108.8734 	EXP 	Device response: <KeyPress from None: t=108.73799425000107, value=left, duration=0.12429974999758997>
109.2387 	INFO 	Keyboard events cleared
109.2385 	EXP 	grating: autoDraw = True
109.2428 	EXP 	Fixation: autoDraw = False
109.5257 	EXP 	grating: autoDraw = False
110.0070 	EXP 	Device response: <KeyPress from None: t=109.99380495800142, value=right, duration=None>
110.0116 	DATA 	Keypress: right
110.0145 	EXP 	Fixation: autoDraw = False
110.0145 	EXP 	grating: autoDraw = False
110.0145 	EXP 	grating: ori = np.float64(1.5)
110.0145 	EXP 	Fixation: autoDraw = True
110.1400 	EXP 	Device response: <KeyPress from None: t=109.99380495800142, value=right, duration=0.14078758299729088>
110.5056 	INFO 	Keyboard events cleared
110.5054 	EXP 	grating: autoDraw = True
110.5092 	EXP 	Fixation: autoDraw = False
110.7923 	EXP 	grating: autoDraw = False
111.1566 	EXP 	Device response: <KeyPress from None: t=111.15392929099835, value=right, duration=None>
111.1611 	EXP 	Fixation: autoDraw = False
111.1611 	EXP 	grating: autoDraw = False
111.1611 	EXP 	grating: ori = np.float64(-1.5)
111.1611 	EXP 	Fixation: autoDraw = True
111.1640 	DATA 	Keypress: right
111.2900 	EXP 	Device response: <KeyPress from None: t=111.15392929099835, value=right, duration=0.1324161250013276>
111.6554 	INFO 	Keyboard events cleared
111.6553 	EXP 	grating: autoDraw = True
111.6590 	EXP 	Fixation: autoDraw = False
111.9425 	EXP 	grating: autoDraw = False
112.2900 	EXP 	Device response: <KeyPress from None: t=112.27673720799794, value=right, duration=None>
112.2937 	DATA 	Keypress: right
112.2965 	EXP 	Fixation: autoDraw = False
112.2965 	EXP 	grating: autoDraw = False
112.2965 	EXP 	grating: ori = np.float64(2.0)
112.2965 	EXP 	Fixation: autoDraw = True
112.4106 	EXP 	Device response: <KeyPress from None: t=112.27673720799794, value=right, duration=0.13238512500174693>
112.7888 	INFO 	Keyboard events cleared
112.7887 	EXP 	grating: autoDraw = True
112.7920 	EXP 	Fixation: autoDraw = False
113.0761 	EXP 	grating: autoDraw = False
113.6436 	EXP 	Device response: <KeyPress from None: t=113.63983558299878, value=right, duration=None>
113.6468 	DATA 	Keypress: right
113.6554 	EXP 	Fixation: autoDraw = False
113.6554 	EXP 	grating: autoDraw = False
113.6554 	EXP 	grating: ori = np.float64(-2.0)
113.6554 	EXP 	Fixation: autoDraw = True
113.7736 	EXP 	Device response: <KeyPress from None: t=113.63983558299878, value=right, duration=0.1324415000017325>
114.1447 	INFO 	Keyboard events cleared
114.1446 	EXP 	Fixation: autoDraw = False
114.1446 	EXP 	grating: autoDraw = True
114.4421 	EXP 	grating: autoDraw = False
114.6900 	EXP 	Device response: <KeyPress from None: t=114.67992570799834, value=left, duration=None>
114.6941 	DATA 	Keypress: left
114.6970 	EXP 	Fixation: autoDraw = False
114.6970 	EXP 	grating: autoDraw = False
114.6970 	EXP 	grating: ori = np.float64(-2.0)
114.6970 	EXP 	Fixation: autoDraw = True
114.8235 	EXP 	Device response: <KeyPress from None: t=114.67992570799834, value=left, duration=0.13626204200045322>
115.1889 	INFO 	Keyboard events cleared
115.1888 	EXP 	grating: autoDraw = True
115.1930 	EXP 	Fixation: autoDraw = False
115.4763 	EXP 	grating: autoDraw = False
115.7105 	EXP 	Device response: <KeyPress from None: t=115.70680762499978, value=left, duration=None>
115.7151 	DATA 	Keypress: left
115.7222 	EXP 	Fixation: autoDraw = False
115.7222 	EXP 	grating: autoDraw = False
115.7222 	EXP 	grating: ori = np.float64(-1.5)
115.7222 	EXP 	Fixation: autoDraw = True
115.8571 	EXP 	Device response: <KeyPress from None: t=115.70680762499978, value=left, duration=0.14040699999895878>
116.2101 	INFO 	Keyboard events cleared
116.2099 	EXP 	Fixation: autoDraw = False
116.2099 	EXP 	grating: autoDraw = True
116.5055 	EXP 	grating: autoDraw = False
117.0402 	EXP 	Device response: <KeyPress from None: t=117.0267494159998, value=left, duration=None>
117.0445 	DATA 	Keypress: left
117.0475 	EXP 	Fixation: autoDraw = False
117.0475 	EXP 	grating: autoDraw = False
117.0475 	EXP 	grating: ori = np.float64(-1.5)
117.0475 	EXP 	Fixation: autoDraw = True
117.1573 	EXP 	Device response: <KeyPress from None: t=117.0267494159998, value=left, duration=0.11647029199957615>
117.5391 	INFO 	Keyboard events cleared
117.5390 	EXP 	grating: autoDraw = True
117.5431 	EXP 	Fixation: autoDraw = False
117.8263 	EXP 	grating: autoDraw = False
118.3768 	EXP 	Device response: <KeyPress from None: t=118.37482166599875, value=right, duration=None>
118.3802 	DATA 	Keypress: right
118.3887 	EXP 	Fixation: autoDraw = False
118.3887 	EXP 	grating: autoDraw = False
118.3887 	EXP 	grating: ori = np.float64(-2.0)
118.3887 	EXP 	Fixation: autoDraw = True
118.5068 	EXP 	Device response: <KeyPress from None: t=118.37482166599875, value=right, duration=0.12461787500069477>
118.8769 	INFO 	Keyboard events cleared
118.8768 	EXP 	Fixation: autoDraw = False
118.8768 	EXP 	grating: autoDraw = True
119.1722 	EXP 	grating: autoDraw = False
119.5404 	EXP 	Device response: <KeyPress from None: t=119.52984933300104, value=left, duration=None>
119.5449 	DATA 	Keypress: left
119.5481 	EXP 	Fixation: autoDraw = False
119.5481 	EXP 	grating: autoDraw = False
119.5481 	EXP 	grating: ori = np.float64(2.0)
119.5481 	EXP 	Fixation: autoDraw = True
119.6902 	EXP 	Device response: <KeyPress from None: t=119.52984933300104, value=left, duration=0.15634612499707146>
120.0391 	INFO 	Keyboard events cleared
120.0389 	EXP 	grating: autoDraw = True
120.0430 	EXP 	Fixation: autoDraw = False
120.3256 	EXP 	grating: autoDraw = False
120.9105 	EXP 	Device response: <KeyPress from None: t=120.90781437500118, value=right, duration=None>
120.9137 	DATA 	Keypress: right
120.9222 	EXP 	Fixation: autoDraw = False
120.9222 	EXP 	grating: autoDraw = False
120.9222 	EXP 	grating: ori = np.float64(2.0)
120.9222 	EXP 	Fixation: autoDraw = True
121.0403 	EXP 	Device response: <KeyPress from None: t=120.90781437500118, value=right, duration=0.1203060829975584>
121.4102 	INFO 	Keyboard events cleared
121.4100 	EXP 	Fixation: autoDraw = False
121.4100 	EXP 	grating: autoDraw = True
121.7057 	EXP 	grating: autoDraw = False
122.1569 	EXP 	Device response: <KeyPress from None: t=122.15087266599949, value=right, duration=None>
122.1613 	DATA 	Keypress: right
122.1643 	EXP 	Fixation: autoDraw = False
122.1643 	EXP 	grating: autoDraw = False
122.1643 	EXP 	grating: ori = np.float64(1.5)
122.1643 	EXP 	Fixation: autoDraw = True
122.3236 	EXP 	Device response: <KeyPress from None: t=122.15087266599949, value=right, duration=0.16020454200042877>
122.6558 	INFO 	Keyboard events cleared
122.6556 	EXP 	grating: autoDraw = True
122.6596 	EXP 	Fixation: autoDraw = False
122.9424 	EXP 	grating: autoDraw = False
123.2271 	EXP 	Device response: <KeyPress from None: t=123.2238545830005, value=right, duration=None>
123.2304 	DATA 	Keypress: right
123.2387 	EXP 	Fixation: autoDraw = False
123.2387 	EXP 	grating: autoDraw = False
123.2387 	EXP 	grating: ori = np.float64(-1.5)
123.2387 	EXP 	Fixation: autoDraw = True
123.3902 	EXP 	Device response: <KeyPress from None: t=123.2238545830005, value=right, duration=0.16434120799749508>
123.7269 	INFO 	Keyboard events cleared
123.7267 	EXP 	Fixation: autoDraw = False
123.7267 	EXP 	grating: autoDraw = True
124.0223 	EXP 	grating: autoDraw = False
124.5569 	EXP 	Device response: <KeyPress from None: t=124.54596174999824, value=right, duration=None>
124.5609 	DATA 	Keypress: right
124.5639 	EXP 	Fixation: autoDraw = False
124.5639 	EXP 	grating: autoDraw = False
124.5639 	EXP 	grating: ori = np.float64(-2.0)
124.5639 	EXP 	Fixation: autoDraw = True
124.6902 	EXP 	Device response: <KeyPress from None: t=124.54596174999824, value=right, duration=0.13617345800230396>
125.0558 	INFO 	Keyboard events cleared
125.0556 	EXP 	grating: autoDraw = True
125.0596 	EXP 	Fixation: autoDraw = False
125.3434 	EXP 	grating: autoDraw = False
126.1070 	EXP 	Device response: <KeyPress from None: t=126.09683920799944, value=left, duration=None>
126.1117 	DATA 	Keypress: left
126.1147 	EXP 	Fixation: autoDraw = False
126.1147 	EXP 	grating: autoDraw = False
126.1147 	EXP 	grating: ori = np.float64(-2.0)
126.1147 	EXP 	Fixation: autoDraw = True
126.2236 	EXP 	Device response: <KeyPress from None: t=126.09683920799944, value=left, duration=0.11637587500081281>
126.6059 	INFO 	Keyboard events cleared
126.6057 	EXP 	grating: autoDraw = True
126.6096 	EXP 	Fixation: autoDraw = False
126.8931 	EXP 	grating: autoDraw = False
127.5738 	EXP 	Device response: <KeyPress from None: t=127.56677649999983, value=right, duration=None>
127.5781 	DATA 	Keypress: right
127.5811 	EXP 	Fixation: autoDraw = False
127.5811 	EXP 	grating: autoDraw = False
127.5811 	EXP 	grating: ori = np.float64(-2.5)
127.5811 	EXP 	Fixation: autoDraw = True
127.7239 	EXP 	Device response: <KeyPress from None: t=127.56677649999983, value=right, duration=0.14431362499817624>
128.0726 	INFO 	Keyboard events cleared
128.0724 	EXP 	grating: autoDraw = True
128.0761 	EXP 	Fixation: autoDraw = False
128.3596 	EXP 	grating: autoDraw = False
128.7406 	EXP 	Device response: <KeyPress from None: t=128.726782791, value=left, duration=None>
128.7442 	DATA 	Keypress: left
128.7472 	EXP 	Fixation: autoDraw = False
128.7472 	EXP 	grating: autoDraw = False
128.7473 	EXP 	adaptive_staircase: status = STOPPED
128.7784 	INFO 	saved data to '/Users/nupurshah/Desktop/Psychopy/Adaptive Staircase/data/327539_adaptive_staircase_2025-09-01_21h10.55.240.csv'
128.7805 	INFO 	saved data to /Users/nupurshah/Desktop/Psychopy/Adaptive Staircase/data/327539_adaptive_staircase_2025-09-01_21h10.55.240.psydat
128.7835 	WARNING 	Multiple dropped frames have occurred - I'll stop bothering you about them!
128.9603 	WARNING 	Stopping key buffers but this could be dangerous ifother keyboards rely on the same.
128.9604 	WARNING 	Stopping key buffers but this could be dangerous ifother keyboards rely on the same.
